// Vitest Snapshot v1, https://vitest.dev/guide/snapshot.html

exports[`叙事快照 - 核心场景 > Game Over 1`] = `"【系统强制】：生命值归零，彻底陨落。请撰写主角死亡的悲壮结局。"`;

exports[`叙事快照 - 核心场景 > T0 安全区 idle 1`] = `"【系统强制】：安全区内纯剧情休整，维持现状，略微恢复体力。请结合上下文世界观和角色性格或经历描写平静的互动与氛围。"`;

exports[`叙事快照 - 核心场景 > T0 安全区探索 - 暴击 1`] = `"【系统指令】：安全区域内的平稳探索。进度+40（当前90%）。Roll=20，请描写安全搜刮、顺利推进的场面，不会有任何危险。"`;

exports[`叙事快照 - 核心场景 > T1 战斗 - 失败 1`] = `"【系统指令 - 失败】：玩家行为失败，紧张度升至2级。Roll=1，引入意外事件，进入小危机"`;

exports[`叙事快照 - 核心场景 > T1 探索 - 大失败 1`] = `"【系统指令 - 大失败】：探索遭遇意外伏击/陷阱！进度+0，紧张度强制升至2级（冲突）。Roll=1，请描写突如其来的危机。"`;

exports[`叙事快照 - 核心场景 > T1 探索 - 成功 1`] = `"【系统指令 - 成功】：探索顺利推进，进度+15（当前15%）。Roll=15，请描写发现线索/安全前进的场景。"`;

exports[`叙事快照 - 核心场景 > T2 战斗 - 秒杀 1`] = `"【系统秒杀】：干净利落的秒杀/完美解除危机！紧张度降回 1 级。Roll=20，请描写主角展现高超技巧的帅气瞬间。"`;

exports[`叙事快照 - 核心场景 > T2 撤退 1`] = `"【系统强制 - 战术撤退】：玩家朝【黑暗森林】方向有序撤出！紧张度降回 1 级。Roll=10，请描写安全撤离危机区域并踏上旅途的过程。"`;

exports[`叙事快照 - 核心场景 > T3 战斗 - 失败 1`] = `"【系统战斗失败】：被精英敌人碾压！HP -25，局势失控，紧张度升至 4 级（死斗）。Roll=1，请描写被残忍击退或身负重伤的画面。"`;

exports[`叙事快照 - 核心场景 > T3 战斗 - 绝地反杀 1`] = `"【系统绝地反杀】：抓住破绽，华丽反杀！危机彻底解除，紧张度降回 1 级。Roll=20，请描写惊险绝伦的致命反击。"`;

exports[`叙事快照 - 核心场景 > T4 Boss - 英雄斩杀 1`] = `"【系统指令 - 英雄斩杀】：致命一击！首领倒下！紧张度骤降至0级（胜利庆祝）。Roll=20，请描写史诗级的最终一击与胜利的欢呼。"`;

exports[`叙事快照 - 核心场景 > T4 Boss 战斗 1`] = `"【系统指令 - 拉锯战】：与首领势均力敌！死斗继续。Roll=10，请描写英勇交锋的激烈场面。"`;

exports[`叙事快照 - 核心场景 > 武器 + 防具叙事附加 1`] = `
"【系统战斗失败】：对抗受挫！HP -10，危机升级，紧张度升至 3 级。Roll=1，请描写遭到压制受轻伤的场面。
（武器【生锈大刀】在战斗中发挥了作用，为检定提供了+2点加成。请在叙事中自然地描写武器的战斗表现。）
（防具【破旧护甲】发挥了作用，减伤25%，实际受到的伤害比预期更低。请在叙事中描写减伤的细节。）"
`;

exports[`叙事快照 - 核心场景 > 死亡复活 1`] = `
"【系统强制】：致命伤！主角消耗复活币锁血（剩余1条命）。拖着残躯狼狈逃离，苟延残喘。开始向【废弃商店】方向撤离…
【系统指令 - 重伤】：被首领重创！HP-40（当前20），死斗继续。Roll=1，请描写被首领压制的绝境。"
`;

exports[`叙事快照 - 赶路 > 赶路中推进 1`] = `"【系统指令 - 旅途推进】：赶路稳步前进，路程进度达到55%。Roll=10，请结合上下文世界观和角色性格或经历发表互动和思考。同伴之间可以边走边聊。"`;

exports[`叙事快照 - 赶路 > 赶路抵达 1`] = `"【系统指令 - 抵达目的地】：经过长途跋涉，终于抵达了【黑暗森林】！Roll=20，路上所见所闻，最后一句表达抵达时的情绪和环境。"`;
